------------------------------------------------------------
TimeQuest Timing Analyzer Summary
------------------------------------------------------------

Type  : Slow 1100mV 85C Model Setup 'spi2dac:sthang|clk_1MHz'
Slack : -3.600
TNS   : -58.542

Type  : Slow 1100mV 85C Model Setup 'CLOCK_50'
Slack : -3.507
TNS   : -120.644

Type  : Slow 1100mV 85C Model Setup 'clktick:clktick_16|tick'
Slack : -3.143
TNS   : -43.273

Type  : Slow 1100mV 85C Model Hold 'CLOCK_50'
Slack : -2.228
TNS   : -7.333

Type  : Slow 1100mV 85C Model Hold 'spi2dac:sthang|clk_1MHz'
Slack : 0.171
TNS   : 0.000

Type  : Slow 1100mV 85C Model Hold 'clktick:clktick_16|tick'
Slack : 0.721
TNS   : 0.000

Type  : Slow 1100mV 85C Model Minimum Pulse Width 'clktick:clktick_16|tick'
Slack : -2.174
TNS   : -68.186

Type  : Slow 1100mV 85C Model Minimum Pulse Width 'CLOCK_50'
Slack : -0.684
TNS   : -46.056

Type  : Slow 1100mV 85C Model Minimum Pulse Width 'spi2dac:sthang|clk_1MHz'
Slack : -0.394
TNS   : -10.474

Type  : Slow 1100mV 0C Model Setup 'spi2dac:sthang|clk_1MHz'
Slack : -3.716
TNS   : -59.038

Type  : Slow 1100mV 0C Model Setup 'CLOCK_50'
Slack : -3.612
TNS   : -114.025

Type  : Slow 1100mV 0C Model Setup 'clktick:clktick_16|tick'
Slack : -3.199
TNS   : -44.052

Type  : Slow 1100mV 0C Model Hold 'CLOCK_50'
Slack : -2.335
TNS   : -9.526

Type  : Slow 1100mV 0C Model Hold 'spi2dac:sthang|clk_1MHz'
Slack : 0.228
TNS   : 0.000

Type  : Slow 1100mV 0C Model Hold 'clktick:clktick_16|tick'
Slack : 0.751
TNS   : 0.000

Type  : Slow 1100mV 0C Model Minimum Pulse Width 'clktick:clktick_16|tick'
Slack : -2.174
TNS   : -68.009

Type  : Slow 1100mV 0C Model Minimum Pulse Width 'CLOCK_50'
Slack : -0.727
TNS   : -42.746

Type  : Slow 1100mV 0C Model Minimum Pulse Width 'spi2dac:sthang|clk_1MHz'
Slack : -0.394
TNS   : -10.285

Type  : Fast 1100mV 85C Model Setup 'CLOCK_50'
Slack : -2.925
TNS   : -72.008

Type  : Fast 1100mV 85C Model Setup 'spi2dac:sthang|clk_1MHz'
Slack : -1.995
TNS   : -28.262

Type  : Fast 1100mV 85C Model Setup 'clktick:clktick_16|tick'
Slack : -1.350
TNS   : -17.458

Type  : Fast 1100mV 85C Model Hold 'CLOCK_50'
Slack : -1.217
TNS   : -4.104

Type  : Fast 1100mV 85C Model Hold 'spi2dac:sthang|clk_1MHz'
Slack : -0.001
TNS   : -0.001

Type  : Fast 1100mV 85C Model Hold 'clktick:clktick_16|tick'
Slack : 0.435
TNS   : 0.000

Type  : Fast 1100mV 85C Model Minimum Pulse Width 'clktick:clktick_16|tick'
Slack : -2.174
TNS   : -68.168

Type  : Fast 1100mV 85C Model Minimum Pulse Width 'CLOCK_50'
Slack : -0.789
TNS   : -32.154

Type  : Fast 1100mV 85C Model Minimum Pulse Width 'spi2dac:sthang|clk_1MHz'
Slack : 0.140
TNS   : 0.000

Type  : Fast 1100mV 0C Model Setup 'CLOCK_50'
Slack : -2.487
TNS   : -58.208

Type  : Fast 1100mV 0C Model Setup 'spi2dac:sthang|clk_1MHz'
Slack : -1.703
TNS   : -25.777

Type  : Fast 1100mV 0C Model Setup 'clktick:clktick_16|tick'
Slack : -1.282
TNS   : -16.587

Type  : Fast 1100mV 0C Model Hold 'CLOCK_50'
Slack : -1.238
TNS   : -4.517

Type  : Fast 1100mV 0C Model Hold 'spi2dac:sthang|clk_1MHz'
Slack : -0.002
TNS   : -0.002

Type  : Fast 1100mV 0C Model Hold 'clktick:clktick_16|tick'
Slack : 0.429
TNS   : 0.000

Type  : Fast 1100mV 0C Model Minimum Pulse Width 'clktick:clktick_16|tick'
Slack : -2.174
TNS   : -67.958

Type  : Fast 1100mV 0C Model Minimum Pulse Width 'CLOCK_50'
Slack : -0.825
TNS   : -37.991

Type  : Fast 1100mV 0C Model Minimum Pulse Width 'spi2dac:sthang|clk_1MHz'
Slack : 0.148
TNS   : 0.000

------------------------------------------------------------
